VERIFY start 2026-08-31T18:32:29.216Z BASE=http://127.0.0.1:3000/api WEB=http://127.0.0.1:3001
----- seed-author lookup: 27f52f12-df6b-43a6-be8a-12c0d4314aec

===== STEP 1: SEED + RAW SQL QUERY
----- raw SQL: SELECT id, title, type, faculty_id, year_id, source_label, file_url FROM resources ORDER BY id
[
  {
    "id": "00000000-0000-0000-0000-000000000120",
    "title": "Pharmacology Guidelines 2024",
    "type": "official_drive",
    "faculty_id": "b37b039e-2208-4837-b5d5-28b1c338a2cf",
    "year_id": "00000000-0000-0000-0000-000000000020",
    "source_label": "Ministry of Higher Education",
    "file_url": "/resources/pharmacology-guidelines-2024.pdf"
  },
  {
    "id": "00000000-0000-0000-0000-000000000130",
    "title": "Radiology Image Library",
    "type": "reference",
    "faculty_id": "b37b039e-2208-4837-b5d5-28b1c338a2cf",
    "year_id": "00000000-0000-0000-0000-000000000020",
    "source_label": "University Hospital",
    "file_url": "/resources/radiology-image-library.pdf"
  },
  {
    "id": "00000000-0000-0000-0000-000000000140",
    "title": "Past Exam Session 2023 — Year 1",
    "type": "past_exam",
    "faculty_id": null,
    "year_id": "00000000-0000-0000-0000-000000000020",
    "source_label": "Faculty of Medicine archive",
    "file_url": "/resources/past-exam-2023-year1.pdf"
  },
  {
    "id": "00000000-0000-0000-0000-000000000150",
    "title": "Dental Anatomy Reference",
    "type": "other",
    "faculty_id": "74b46ae1-4de8-48df-b188-1a45725f3395",
    "year_id": "00000000-0000-0000-0000-000000000020",
    "source_label": "Dentistry Department",
    "file_url": "/resources/dental-anatomy-reference.pdf"
  }
]
----- row count from raw SQL: 4

===== STEP 2: IDEMPOTENCY — SEED AGAIN + COUNT PROOF
----- raw SQL: SELECT id, title, type, faculty_id FROM resources ORDER BY id (2nd pass)
[
  {
    "id": "00000000-0000-0000-0000-000000000120",
    "title": "Pharmacology Guidelines 2024",
    "type": "official_drive",
    "faculty_id": "b37b039e-2208-4837-b5d5-28b1c338a2cf"
  },
  {
    "id": "00000000-0000-0000-0000-000000000130",
    "title": "Radiology Image Library",
    "type": "reference",
    "faculty_id": "b37b039e-2208-4837-b5d5-28b1c338a2cf"
  },
  {
    "id": "00000000-0000-0000-0000-000000000140",
    "title": "Past Exam Session 2023 — Year 1",
    "type": "past_exam",
    "faculty_id": null
  },
  {
    "id": "00000000-0000-0000-0000-000000000150",
    "title": "Dental Anatomy Reference",
    "type": "other",
    "faculty_id": "74b46ae1-4de8-48df-b188-1a45725f3395"
  }
]
----- row count after 2nd seed: 4
----- idempotency check: first=4 second=4 PASS (equal)

===== STEP 3: API REQUESTS
===== POST http://127.0.0.1:3000/api/auth/login (attempt 1)
----- response status 200
----- response body
{"accessToken":"[REDACTED-JWT]","user":{"id":"05a6f985-9be9-4ee5-ae19-4b96f8d58676","email":"norole@hamame.dz","phone":null,"fullName":"No Role User","facultyId":null,"yearId":null,"university":null,"wilaya":null,"uiLanguage":"fr","theme":"light","status":"active","createdAt":"2026-07-16T11:15:52.083Z"}}
----- token present: true

===== GET http://127.0.0.1:3000/api/resources
----- response status 200
----- response body
{"resources":[{"id":"00000000-0000-0000-0000-000000000150","facultyId":"74b46ae1-4de8-48df-b188-1a45725f3395","yearId":"00000000-0000-0000-0000-000000000020","title":"Dental Anatomy Reference","type":"other","fileUrl":"/resources/dental-anatomy-reference.pdf","sourceLabel":"Dentistry Department","addedBy":"27f52f12-df6b-43a6-be8a-12c0d4314aec","createdAt":"2026-08-31T18:32:30.921Z"},{"id":"00000000-0000-0000-0000-000000000140","facultyId":null,"yearId":"00000000-0000-0000-0000-000000000020","title":"Past Exam Session 2023 — Year 1","type":"past_exam","fileUrl":"/resources/past-exam-2023-year1.pdf","sourceLabel":"Faculty of Medicine archive","addedBy":"27f52f12-df6b-43a6-be8a-12c0d4314aec","createdAt":"2026-08-31T18:32:30.853Z"},{"id":"00000000-0000-0000-0000-000000000120","facultyId":"b37b039e-2208-4837-b5d5-28b1c338a2cf","yearId":"00000000-0000-0000-0000-000000000020","title":"Pharmacology Guidelines 2024","type":"official_drive","fileUrl":"/resources/pharmacology-guidelines-2024.pdf","sourceLabel":"Ministry of Higher Education","addedBy":"27f52f12-df6b-43a6-be8a-12c0d4314aec","createdAt":"2026-08-31T18:32:30.639Z"},{"id":"00000000-0000-0000-0000-000000000130","facultyId":"b37b039e-2208-4837-b5d5-28b1c338a2cf","yearId":"00000000-0000-0000-0000-000000000020","title":"Radiology Image Library","type":"reference","fileUrl":"/resources/radiology-image-library.pdf","sourceLabel":"University Hospital","addedBy":"27f52f12-df6b-43a6-be8a-12c0d4314aec","createdAt":"2026-08-31T18:32:30.785Z"}]}

===== GET http://127.0.0.1:3000/api/resources?faculty=b37b039e-2208-4837-b5d5-28b1c338a2cf
----- response status 200
----- response body
{"resources":[{"id":"00000000-0000-0000-0000-000000000120","facultyId":"b37b039e-2208-4837-b5d5-28b1c338a2cf","yearId":"00000000-0000-0000-0000-000000000020","title":"Pharmacology Guidelines 2024","type":"official_drive","fileUrl":"/resources/pharmacology-guidelines-2024.pdf","sourceLabel":"Ministry of Higher Education","addedBy":"27f52f12-df6b-43a6-be8a-12c0d4314aec","createdAt":"2026-08-31T18:32:30.639Z"},{"id":"00000000-0000-0000-0000-000000000130","facultyId":"b37b039e-2208-4837-b5d5-28b1c338a2cf","yearId":"00000000-0000-0000-0000-000000000020","title":"Radiology Image Library","type":"reference","fileUrl":"/resources/radiology-image-library.pdf","sourceLabel":"University Hospital","addedBy":"27f52f12-df6b-43a6-be8a-12c0d4314aec","createdAt":"2026-08-31T18:32:30.785Z"}]}

===== GET http://127.0.0.1:3000/api/resources?type=official_drive
----- response status 200
----- response body
{"resources":[{"id":"00000000-0000-0000-0000-000000000120","facultyId":"b37b039e-2208-4837-b5d5-28b1c338a2cf","yearId":"00000000-0000-0000-0000-000000000020","title":"Pharmacology Guidelines 2024","type":"official_drive","fileUrl":"/resources/pharmacology-guidelines-2024.pdf","sourceLabel":"Ministry of Higher Education","addedBy":"27f52f12-df6b-43a6-be8a-12c0d4314aec","createdAt":"2026-08-31T18:32:30.639Z"}]}

===== GET http://127.0.0.1:3000/api/resources/00000000-0000-0000-0000-000000000120
----- response status 200
----- response body
{"resource":{"id":"00000000-0000-0000-0000-000000000120","facultyId":"b37b039e-2208-4837-b5d5-28b1c338a2cf","yearId":"00000000-0000-0000-0000-000000000020","title":"Pharmacology Guidelines 2024","type":"official_drive","fileUrl":"/resources/pharmacology-guidelines-2024.pdf","sourceLabel":"Ministry of Higher Education","addedBy":"27f52f12-df6b-43a6-be8a-12c0d4314aec","createdAt":"2026-08-31T18:32:30.639Z"}}

===== GET http://127.0.0.1:3000/api/resources/00000000-0000-0000-0000-000000000001
----- response status 404
----- response body
{"error":{"code":"RESOURCE_NOT_FOUND","message":"No resource exists with this id."}}

===== STEP 4: DOM CAPTURE
----- browser executable: C:\Program Files\Google\Chrome\Application\chrome.exe

----- /resources (empty filter) rendered DOM:
<body class="flex min-h-full flex-col font-sans"><div hidden=""><!--$--><!--/$--></div><main class="flex min-h-screen items-center justify-center px-card-padding"><div role="status" aria-label="Chargement" aria-busy="true" class="hamame-skeleton h-8 w-48"></div></main><!--$--><!--/$--><div class="pointer-events-none fixed inset-x-0 bottom-4 z-50 flex flex-col items-center gap-2 px-4 sm:items-end sm:pr-4"></div><script id="_R_">self.__next_r="rpEY_h45HSIZisb88TT4V"</script><script src="/_next/static/chunks/%5Bturbopack%5D_browser_dev_hmr-client_hmr-client_ts_1xx01vv._.js" async=""></script><script>(self.__next_f=self.__next_f||[]).push([0])</script><script>self.__next_f.push([1,"9:I[\"[project]/node_modules/next/dist/next-devtools/userspace/app/segment-explorer-node.js [app-client] (ecmascript)\",[\"/_next/static/chunks/src_0thtcz0._.js\",\"/_next/static/chunks/node_modules_next_1ohmjn5._.js\",\"/_next/static/chunks/src_app_layout_tsx_007e4b2._.js\"],\"SegmentViewNode\"]\nb:\"$Sreact.fragment\"\n1f:I[\"[project]/src/context/AuthContext.tsx [app-client] (ecmascript)\",[\"/_next/static/chunks/src_0thtcz0._.js\",\"/_next/static/chunks/node_modules_next_1ohmjn5._.js\",\"/_next/static/chunks/src_app_layout_tsx_007e4b2._.js\"],\"AuthProvider\"]\n21:I[\"[project]/src/components/Toast.tsx [app-client] (ecmascript)\",[\"/_next/static/chunks/src_0thtcz0._.js\",\"/_next/static/chunks/node_modules_next_1ohmjn5._.js\",\"/_next/static/chunks/src_app_layout_tsx_007e4b2._.js\"],\"ToastProvider\"]\n23:I[\"[project]/node_modules/next/dist/client/components/layout-router.js [app-client] (ecmascript)\",[\"/_next/static/chunks/src_0thtcz0._.js\",\"/_next/static/chunks/node_modules_next_1ohmjn5._.js\",\"/_next/static/chunks/src_app_layout_tsx_007e4b2._.js\"],\"default\"]\n25:I[\"[project]/node_modules/next/dist/client/components/render-from-template-context.js [app-client] (ecmascript)\",[\"/_next/static/chunks/src_0thtcz0._.js\",\"/_next/static/chunks/node_modules_next_1ohmjn5._.js\",\"/_next/static/chunks/src_app_layout_tsx_007e4b2._.js\"],\"default\"]\n3c:I[\"[project]/node_modules/next/dist/client/components/client-page.js [app-client] (ecmascript)\",[\"/_next/static/chunks/src_0thtcz0._.js\",\"/_next/static/chunks/node_modules_next_1ohmjn5._.js\",\"/_next/static/chunks/src_app_layout_tsx_007e4b2._.js\"],\"ClientPageRoot\"]\n3d:I[\"[project]/src/app/resources/page.tsx [app-client] (ecmascript)\",[\"/_next/static/chunks/src_0thtcz0._.js\",\"/_next/static/chunks/node_modules_next_1ohmjn5._.js\",\"/_next/static/chunks/src_app_layout_tsx_007e4b2._.js\",\"/_next/static/chunks/src_0fs-1bp._.js\",\"/_next/static/chunks/src_app_resources_page_tsx_113c3jh._.js\"],\"default\"]\n45:I[\"[project]/node_modules/next/dist/lib/framework/boundary-components.js [app-client] (ecmascript)\",[\"/_next/static/chunks/src_0thtcz0._.js\",\"/_next/static/chunks/node_modules_next_1ohmjn5._.js\",\"/_next/static/chunks/src_app_layout_tsx_007e4b2._.js\"],\"OutletBoundary\"]\n47:\"$Sreact.suspense\"\n55:I[\"[project]/node_modules/next/dist/lib/framework/boundary-components.js [app-client] (ecmascript)\",[\"/_next/static/chunks/src_0thtcz0._.js\",\"/_next/static/chunks/node_modules_next_1ohmjn5._.js\",\"/_next/static/chunks/src_app_layout_tsx_007e4b2._.js\"],\"ViewportBoundary\"]\n5f:I[\"[project]/node_modules/next/dist/lib/framework/boundary-components.js [app-client] (ecmascript)\",[\"/_next/static/chunks/src_0thtcz0._.js\",\"/_next/static/chunks/node_modules_next_1ohmjn5._.js\",\"/_next/static/chunks/src_app_layout_tsx_007e4b2._.js\"],\"MetadataBoundary\"]\n66:I[\"[project]/node_modules/next/dist/client/components/builtin/global-error.js [app-client] (ecmascript)\",[\"/_next/static/chunks/src_0thtcz0._.js\",\"/_next/static/chunks/node_modules_next_1ohmjn5._.js\",\"/_next/static/chunks/src_app_layout_tsx_007e4b2._.js\",\"/_next/static/chunks/node_modules_next_dist_client_components_builtin_global-error_113c3jh.js\"],\"default\",1]\n74:I[\"[project]/node_modules/next/dist/lib/metadata/generate/icon-mark.js [app-client] (ecmascript)\",[\"/_next/static/chunks/src_0thtcz0._.js\",\"/_next/static/chunks/node_modules_next_1ohmjn5._.js\",\"/_next/static/chunks/src_app_layout_tsx_007e4b2._.js\"],\"IconMark\"]\n:HL[\"/_next/static/chunks/%5Broot-of-the-server%5D__0lfn_h6._.css\",\"style\"]\n:HL[\"/_next/static/media/03bda585a99c6450-s.p.32sris142tqlb.woff2\",\"font\",{\"crossOrigin\":\"\",\"type\":\"font/woff2\"}]\n:HL[\"/_next/static/media/a343f882a40d2cc9-s.p.1sj6eobyi31rd.woff2\",\"font\",{\"crossOrigin\":\"\",\"type\":\"font/woff2\"}]\n1:D\"$6\"\n1:D\"$2\"\n1:D\"$7\"\n1:null\n10:D\"$1a\"\n10:D\"$11\"\n10:D\"$1c\"\n27:D\"$29\"\n27:D\"$28\"\n27:D\"$2b\"\n27:D\"$2a\"\n27:D\"$2c\"\n27:[[\"$\",\"title\",null,{\"children\":\"404: This page could not be found.\"},\"$2a\",\"$2d\",1],[\"$\",\"div\",null,{\"style\":{\"fontFamily\":\"system-ui,\\\"Segoe UI\\\",Roboto,Helvetica,Arial,sans-serif,\\\"Apple Color Emoji\\\",\\\"Segoe UI Emoji\\\"\",\"height\":\"100vh\",\"textAlign\":\"center\",\"display\":\"flex\""])</script><script>self.__next_f.push([1,",\"flexDirection\":\"column\",\"alignItems\":\"center\",\"justifyContent\":\"center\"},\"children\":[\"$\",\"div\",null,{\"children\":[[\"$\",\"style\",null,{\"dangerouslySetInnerHTML\":{\"__html\":\"body{color:#000;background:#fff;margin:0}.next-error-h1{border-right:1px solid rgba(0,0,0,.3)}@media (prefers-color-scheme:dark){body{color:#fff;background:#000}.next-error-h1{border-right:1px solid rgba(255,255,255,.3)}}\"}},\"$2a\",\"$30\",1],[\"$\",\"h1\",null,{\"className\":\"next-error-h1\",\"style\":{\"display\":\"inline-block\",\"margin\":\"0 20px 0 0\",\"padding\":\"0 23px 0 0\",\"fontSize\":24,\"fontWeight\":500,\"verticalAlign\":\"top\",\"lineHeight\":\"49px\"},\"children\":404},\"$2a\",\"$31\",1],[\"$\",\"div\",null,{\"style\":{\"display\":\"inline-block\"},\"children\":[\"$\",\"h2\",null,{\"style\":{\"fontSize\":14,\"fontWeight\":400,\"lineHeight\":\"49px\",\"margin\":0},\"children\":\"This page could not be found.\"},\"$2a\",\"$33\",1]},\"$2a\",\"$32\",1]]},\"$2a\",\"$2f\",1]},\"$2a\",\"$2e\",1]]\n10:[\"$\",\"html\",null,{\"lang\":\"fr\",\"className\":\"manrope_9905a159-module__5jGpXa__variable fraunces_874f67b-module__a9bQ4G__variable h-full antialiased\",\"children\":[\"$\",\"body\",null,{\"className\":\"flex min-h-full flex-col font-sans\",\"children\":[\"$\",\"$L1f\",null,{\"children\":[\"$\",\"$L21\",null,{\"children\":[\"$\",\"$L23\",null,{\"parallelRouterKey\":\"children\",\"error\":\"$undefined\",\"errorStyles\":\"$undefined\",\"errorScripts\":\"$undefined\",\"template\":[\"$\",\"$L25\",null,{},null,\"$24\",1],\"templateStyles\":\"$undefined\",\"templateScripts\":\"$undefined\",\"notFound\":[\"$\",\"$L9\",\"c-not-found\",{\"type\":\"not-found\",\"pagePath\":\"__next_builtin__not-found.js\",\"children\":[\"$27\",[]]},null,\"$26\",0],\"forbidden\":\"$undefined\",\"unauthorized\":\"$undefined\",\"segmentViewBoundaries\":[[\"$\",\"$L9\",null,{\"type\":\"boundary:not-found\",\"pagePath\":\"__next_builtin__not-found.js@boundary\"},null,\"$34\",1],\"$undefined\",\"$undefined\",[\"$\",\"$L9\",null,{\"type\":\"boundary:global-error\",\"pagePath\":\"__next_builtin__global-error.js\"},null,\"$35\",1]]},null,\"$22\",1]},\"$11\",\"$20\",1]},\"$11\",\"$1e\",1]},\"$11\",\"$1d\",1]},\"$11\",\"$1b\",1]\n40:D\"$42\"\n40:D\"$41\"\n40:D\"$44\"\n40:[\"$\",\"$L45\",null,{\"children\":[\"$\",\"$47\",null,{\"name\":\"Next.MetadataOutlet\",\"children\":\"$@48\"},\"$41\",\"$46\",1]},\"$41\",\"$43\",1]\n4b:D\"$4e\"\n4b:D\"$4c\"\n4b:D\"$4f\"\n4b:null\n50:D\"$52\"\n50:D\"$51\"\n50:D\"$54\"\n56:D\"$58\"\n56:D\"$57\"\n50:[\"$\",\"$L55\",null,{\"children\":\"$L56\"},\"$51\",\"$53\",1]\n59:D\"$5b\"\n59:D\"$5a\"\n59:D\"$5d\"\n61:D\"$63\"\n61:D\"$62\"\n59:[\"$\",\"div\",null,{\"hidden\":true,\"children\":[\"$\",\"$L5f\",null,{\"children\":[\"$\",\"$47\",null,{\"name\":\"Next.Metadata\",\"children\":\"$L61\"},\"$5a\",\"$60\",1]},\"$5a\",\"$5e\",1]},\"$5a\",\"$5c\",1]\n65:[]\n"])</script><script>self.__next_f.push([1,"0:{\"P\":\"$1\",\"c\":[\"\",\"resources?faculty=00000000-0000-0000-0000-000000000000\"],\"q\":\"?faculty=00000000-0000-0000-0000-000000000000\",\"i\":true,\"f\":[[[\"\",{\"children\":[\"resources\",{\"children\":[\"__PAGE__?{\\\"faculty\\\":\\\"00000000-0000-0000-0000-000000000000\\\"}\",{}]}]},\"$undefined\",\"$undefined\",16],[[\"$\",\"$L9\",\"layout\",{\"type\":\"layout\",\"pagePath\":\"layout.tsx\",\"children\":[\"$\",\"$b\",\"c\",{\"children\":[[[\"$\",\"link\",\"0\",{\"rel\":\"stylesheet\",\"href\":\"/_next/static/chunks/%5Broot-of-the-server%5D__0lfn_h6._.css\",\"precedence\":\"next_static/chunks/[root-of-the-server]__0lfn_h6._.css\",\"crossOrigin\":\"$undefined\",\"nonce\":\"$undefined\"},null,\"$c\",0],[\"$\",\"script\",\"script-0\",{\"src\":\"/_next/static/chunks/src_0thtcz0._.js\",\"async\":true,\"nonce\":\"$undefined\"},null,\"$d\",0],[\"$\",\"script\",\"script-1\",{\"src\":\"/_next/static/chunks/node_modules_next_1ohmjn5._.js\",\"async\":true,\"nonce\":\"$undefined\"},null,\"$e\",0],[\"$\",\"script\",\"script-2\",{\"src\":\"/_next/static/chunks/src_app_layout_tsx_007e4b2._.js\",\"async\":true,\"nonce\":\"$undefined\"},null,\"$f\",0]],\"$10\"]},null,\"$a\",1]},null,\"$8\",0],{\"children\":[[\"$\",\"$b\",\"c\",{\"children\":[null,[\"$\",\"$L23\",null,{\"parallelRouterKey\":\"children\",\"error\":\"$undefined\",\"errorStyles\":\"$undefined\",\"errorScripts\":\"$undefined\",\"template\":[\"$\",\"$L25\",null,{},null,\"$38\",1],\"templateStyles\":\"$undefined\",\"templateScripts\":\"$undefined\",\"notFound\":\"$undefined\",\"forbidden\":\"$undefined\",\"unauthorized\":\"$undefined\",\"segmentViewBoundaries\":[\"$undefined\",\"$undefined\",\"$undefined\",\"$undefined\"]},null,\"$37\",1]]},null,\"$36\",0],{\"children\":[[\"$\",\"$b\",\"c\",{\"children\":[[\"$\",\"$L9\",\"c-page\",{\"type\":\"page\",\"pagePath\":\"resources/page.tsx\",\"children\":[\"$\",\"$L3c\",null,{\"Component\":\"$3d\",\"serverProvidedParams\":{\"searchParams\":{\"faculty\":\"00000000-0000-0000-0000-000000000000\"},\"params\":{},\"promises\":null}},null,\"$3b\",1]},null,\"$3a\",1],[[\"$\",\"script\",\"script-0\",{\"src\":\"/_next/static/chunks/src_0fs-1bp._.js\",\"async\":true,\"nonce\":\"$undefined\"},null,\"$3e\",0],[\"$\",\"script\",\"script-1\",{\"src\":\"/_next/static/chunks/src_app_resources_page_tsx_113c3jh._.js\",\"async\":true,\"nonce\":\"$undefined\"},null,\"$3f\",0]],\"$40\"]},null,\"$39\",0],{},null,false,null]},null,false,\"$@49\"]},null,false,null],[\"$\",\"$b\",\"h\",{\"children\":[\"$4b\",\"$50\",\"$59\",[\"$\",\"meta\",null,{\"name\":\"next-size-adjust\",\"content\":\"\"},null,\"$64\",1]]},null,\"$4a\",0],false]],\"m\":\"$W65\",\"G\":[\"$66\",[\"$\",\"$L9\",\"ge-svn\",{\"type\":\"global-error\",\"pagePath\":\"__next_builtin__global-error.js\",\"children\":[[\"$\",\"link\",\"0\",{\"rel\":\"stylesheet\",\"href\":\"/_next/static/chunks/%5Broot-of-the-server%5D__0lfn_h6._.css\",\"precedence\":\"next_static/chunks/[root-of-the-server]__0lfn_h6._.css\",\"crossOrigin\":\"$undefined\",\"nonce\":\"$undefined\"},null,\"$68\",0]]},null,\"$67\",0]],\"S\":false,\"h\":null,\"s\":\"$undefined\",\"l\":\"$undefined\",\"p\":\"$undefined\",\"d\":\"$undefined\",\"b\":\"development\"}\n"])</script><script>self.__next_f.push([1,"69:[]\n49:D\"$6a\"\n49:\"$W69\"\n56:D\"$6b\"\n56:[[\"$\",\"meta\",\"0\",{\"charSet\":\"utf-8\"},\"$41\",\"$6c\",0],[\"$\",\"meta\",\"1\",{\"name\":\"viewport\",\"content\":\"width=device-width, initial-scale=1\"},\"$41\",\"$6d\",0]]\n48:D\"$6e\"\n48:null\n61:D\"$6f\"\n61:[[\"$\",\"title\",\"0\",{\"children\":\"Hamame\"},\"$41\",\"$70\",0],[\"$\",\"meta\",\"1\",{\"name\":\"description\",\"content\":\"Hamame — Algerian educational platform\"},\"$41\",\"$71\",0],[\"$\",\"link\",\"2\",{\"rel\":\"icon\",\"href\":\"/favicon.ico?favicon.2vob68tjqpejf.ico\",\"sizes\":\"256x256\",\"type\":\"image/x-icon\"},\"$41\",\"$72\",0],[\"$\",\"$L74\",\"3\",{},\"$41\",\"$73\",0]]\n"])</script></body>

----- /resources (unfiltered) list rendered DOM:
<main class="flex min-h-screen items-center justify-center px-card-padding"><div role="status" aria-label="Chargement" aria-busy="true" class="hamame-skeleton h-8 w-48"></div></main>

----- first resource link href: null

----- /dashboard Ressources card rendered DOM:
(Ressources card not found)

----- header nav rendered DOM (link text contents):
{
  "navLinkTexts": [],
  "primaryNavItems": [],
  "hasRessourcesInSecondary": false
}

===== STEP 5: CLEANUP
----- DELETE FROM resources WHERE id = '00000000-0000-0000-0000-000000000120'; rows affected: 1
----- DELETE FROM resources WHERE id = '00000000-0000-0000-0000-000000000130'; rows affected: 1
----- DELETE FROM resources WHERE id = '00000000-0000-0000-0000-000000000140'; rows affected: 1
----- DELETE FROM resources WHERE id = '00000000-0000-0000-0000-000000000150'; rows affected: 1
----- final SELECT COUNT(*) FROM resources: 0
----- cleanup result: 0 rows (clean)