VERIFY start 2026-08-31T18:27:10.562Z BASE=http://127.0.0.1:3000/api WEB=http://127.0.0.1:3001
----- seed-author lookup: 27f52f12-df6b-43a6-be8a-12c0d4314aec

===== STEP 1: SEED + RAW SQL QUERY
----- raw SQL: SELECT id, title, type, faculty_id, year_id, source_label, file_url FROM resources ORDER BY id
[
  {
    "id": "00000000-0000-0000-0000-000000000120",
    "title": "Pharmacology Guidelines 2024",
    "type": "official_drive",
    "faculty_id": "b37b039e-2208-4837-b5d5-28b1c338a2cf",
    "year_id": "00000000-0000-0000-0000-000000000020",
    "source_label": "Ministry of Higher Education",
    "file_url": "/resources/pharmacology-guidelines-2024.pdf"
  },
  {
    "id": "00000000-0000-0000-0000-000000000130",
    "title": "Radiology Image Library",
    "type": "reference",
    "faculty_id": "b37b039e-2208-4837-b5d5-28b1c338a2cf",
    "year_id": "00000000-0000-0000-0000-000000000020",
    "source_label": "University Hospital",
    "file_url": "/resources/radiology-image-library.pdf"
  },
  {
    "id": "00000000-0000-0000-0000-000000000140",
    "title": "Past Exam Session 2023 — Year 1",
    "type": "past_exam",
    "faculty_id": null,
    "year_id": "00000000-0000-0000-0000-000000000020",
    "source_label": "Faculty of Medicine archive",
    "file_url": "/resources/past-exam-2023-year1.pdf"
  },
  {
    "id": "00000000-0000-0000-0000-000000000150",
    "title": "Dental Anatomy Reference",
    "type": "other",
    "faculty_id": "74b46ae1-4de8-48df-b188-1a45725f3395",
    "year_id": "00000000-0000-0000-0000-000000000020",
    "source_label": "Dentistry Department",
    "file_url": "/resources/dental-anatomy-reference.pdf"
  }
]
----- row count from raw SQL: 4

===== STEP 2: IDEMPOTENCY — SEED AGAIN + COUNT PROOF
----- raw SQL: SELECT id, title, type, faculty_id FROM resources ORDER BY id (2nd pass)
[
  {
    "id": "00000000-0000-0000-0000-000000000120",
    "title": "Pharmacology Guidelines 2024",
    "type": "official_drive",
    "faculty_id": "b37b039e-2208-4837-b5d5-28b1c338a2cf"
  },
  {
    "id": "00000000-0000-0000-0000-000000000130",
    "title": "Radiology Image Library",
    "type": "reference",
    "faculty_id": "b37b039e-2208-4837-b5d5-28b1c338a2cf"
  },
  {
    "id": "00000000-0000-0000-0000-000000000140",
    "title": "Past Exam Session 2023 — Year 1",
    "type": "past_exam",
    "faculty_id": null
  },
  {
    "id": "00000000-0000-0000-0000-000000000150",
    "title": "Dental Anatomy Reference",
    "type": "other",
    "faculty_id": "74b46ae1-4de8-48df-b188-1a45725f3395"
  }
]
----- row count after 2nd seed: 4
----- idempotency check: first=4 second=4 PASS (equal)

===== STEP 3: API REQUESTS
===== POST http://127.0.0.1:3000/api/auth/login (attempt 1)
----- response status 200
----- response body
{"accessToken":"[REDACTED-JWT]","user":{"id":"05a6f985-9be9-4ee5-ae19-4b96f8d58676","email":"norole@hamame.dz","phone":null,"fullName":"No Role User","facultyId":null,"yearId":null,"university":null,"wilaya":null,"uiLanguage":"fr","theme":"light","status":"active","createdAt":"2026-07-16T11:15:52.083Z"}}
----- token present: true

===== GET http://127.0.0.1:3000/api/resources
----- response status 200
----- response body
{"resources":[{"id":"00000000-0000-0000-0000-000000000150","facultyId":"74b46ae1-4de8-48df-b188-1a45725f3395","yearId":"00000000-0000-0000-0000-000000000020","title":"Dental Anatomy Reference","type":"other","fileUrl":"/resources/dental-anatomy-reference.pdf","sourceLabel":"Dentistry Department","addedBy":"27f52f12-df6b-43a6-be8a-12c0d4314aec","createdAt":"2026-08-31T18:27:12.493Z"},{"id":"00000000-0000-0000-0000-000000000140","facultyId":null,"yearId":"00000000-0000-0000-0000-000000000020","title":"Past Exam Session 2023 — Year 1","type":"past_exam","fileUrl":"/resources/past-exam-2023-year1.pdf","sourceLabel":"Faculty of Medicine archive","addedBy":"27f52f12-df6b-43a6-be8a-12c0d4314aec","createdAt":"2026-08-31T18:27:12.418Z"},{"id":"00000000-0000-0000-0000-000000000120","facultyId":"b37b039e-2208-4837-b5d5-28b1c338a2cf","yearId":"00000000-0000-0000-0000-000000000020","title":"Pharmacology Guidelines 2024","type":"official_drive","fileUrl":"/resources/pharmacology-guidelines-2024.pdf","sourceLabel":"Ministry of Higher Education","addedBy":"27f52f12-df6b-43a6-be8a-12c0d4314aec","createdAt":"2026-08-31T18:27:12.122Z"},{"id":"00000000-0000-0000-0000-000000000130","facultyId":"b37b039e-2208-4837-b5d5-28b1c338a2cf","yearId":"00000000-0000-0000-0000-000000000020","title":"Radiology Image Library","type":"reference","fileUrl":"/resources/radiology-image-library.pdf","sourceLabel":"University Hospital","addedBy":"27f52f12-df6b-43a6-be8a-12c0d4314aec","createdAt":"2026-08-31T18:27:12.344Z"}]}

===== GET http://127.0.0.1:3000/api/resources?faculty=b37b039e-2208-4837-b5d5-28b1c338a2cf
----- response status 200
----- response body
{"resources":[{"id":"00000000-0000-0000-0000-000000000120","facultyId":"b37b039e-2208-4837-b5d5-28b1c338a2cf","yearId":"00000000-0000-0000-0000-000000000020","title":"Pharmacology Guidelines 2024","type":"official_drive","fileUrl":"/resources/pharmacology-guidelines-2024.pdf","sourceLabel":"Ministry of Higher Education","addedBy":"27f52f12-df6b-43a6-be8a-12c0d4314aec","createdAt":"2026-08-31T18:27:12.122Z"},{"id":"00000000-0000-0000-0000-000000000130","facultyId":"b37b039e-2208-4837-b5d5-28b1c338a2cf","yearId":"00000000-0000-0000-0000-000000000020","title":"Radiology Image Library","type":"reference","fileUrl":"/resources/radiology-image-library.pdf","sourceLabel":"University Hospital","addedBy":"27f52f12-df6b-43a6-be8a-12c0d4314aec","createdAt":"2026-08-31T18:27:12.344Z"}]}

===== GET http://127.0.0.1:3000/api/resources?type=official_drive
----- response status 200
----- response body
{"resources":[{"id":"00000000-0000-0000-0000-000000000120","facultyId":"b37b039e-2208-4837-b5d5-28b1c338a2cf","yearId":"00000000-0000-0000-0000-000000000020","title":"Pharmacology Guidelines 2024","type":"official_drive","fileUrl":"/resources/pharmacology-guidelines-2024.pdf","sourceLabel":"Ministry of Higher Education","addedBy":"27f52f12-df6b-43a6-be8a-12c0d4314aec","createdAt":"2026-08-31T18:27:12.122Z"}]}

===== GET http://127.0.0.1:3000/api/resources/00000000-0000-0000-0000-000000000120
----- response status 200
----- response body
{"resource":{"id":"00000000-0000-0000-0000-000000000120","facultyId":"b37b039e-2208-4837-b5d5-28b1c338a2cf","yearId":"00000000-0000-0000-0000-000000000020","title":"Pharmacology Guidelines 2024","type":"official_drive","fileUrl":"/resources/pharmacology-guidelines-2024.pdf","sourceLabel":"Ministry of Higher Education","addedBy":"27f52f12-df6b-43a6-be8a-12c0d4314aec","createdAt":"2026-08-31T18:27:12.122Z"}}

===== GET http://127.0.0.1:3000/api/resources/00000000-0000-0000-0000-000000000001
----- response status 404
----- response body
{"error":{"code":"RESOURCE_NOT_FOUND","message":"No resource exists with this id."}}

===== STEP 4: DOM CAPTURE
----- browser executable: C:\Program Files\Google\Chrome\Application\chrome.exe

----- DOM step error: SecurityError: Failed to read the 'localStorage' property from 'Window': Access is denied for this document.
DOMException: SecurityError: Failed to read the 'localStorage' property from 'Window': Access is denied for this document.
    at ExecutionContext.#evaluate (C:\dev\hamame1\node_modules\puppeteer-core\src\cdp\ExecutionContext.ts:473:13)
    at async ExecutionContext.evaluate (C:\dev\hamame1\node_modules\puppeteer-core\src\cdp\ExecutionContext.ts:310:12)
    at async IsolatedWorld.evaluate (C:\dev\hamame1\node_modules\puppeteer-core\src\cdp\IsolatedWorld.ts:206:12)
    at async CdpFrame.evaluate (C:\dev\hamame1\node_modules\puppeteer-core\src\api\Frame.ts:512:12)
    at async CdpPage.evaluate (C:\dev\hamame1\node_modules\puppeteer-core\src\api\Page.ts:2440:12)
    at async main (C:\dev\hamame1\src\scripts\verify-resources-raw.ts:253:5)

===== STEP 5: CLEANUP
----- DELETE FROM resources WHERE id = '00000000-0000-0000-0000-000000000120'; rows affected: 1
----- DELETE FROM resources WHERE id = '00000000-0000-0000-0000-000000000130'; rows affected: 1
----- DELETE FROM resources WHERE id = '00000000-0000-0000-0000-000000000140'; rows affected: 1
----- DELETE FROM resources WHERE id = '00000000-0000-0000-0000-000000000150'; rows affected: 1
----- final SELECT COUNT(*) FROM resources: 0
----- cleanup result: 0 rows (clean)