VERIFY start 2026-08-31T18:15:54.324Z BASE=http://127.0.0.1:3000/api WEB=http://127.0.0.1:3001
----- seed-author lookup: 27f52f12-df6b-43a6-be8a-12c0d4314aec

===== STEP 1: SEED + RAW SQL QUERY

*** VERIFY FAILED: 
Invalid `prisma.resource.upsert()` invocation in
C:\dev\hamame1\src\scripts\verify-resources-raw.ts:81:27

  78 
  79 async function upsertAll(seedAuthorId: string | null) {
  80   for (const d of seedData) {
→ 81     await prisma.resource.upsert(
Inconsistent column data: Error creating UUID, invalid group count: expected 5, found 4
PrismaClientKnownRequestError: 
Invalid `prisma.resource.upsert()` invocation in
C:\dev\hamame1\src\scripts\verify-resources-raw.ts:81:27

  78 
  79 async function upsertAll(seedAuthorId: string | null) {
  80   for (const d of seedData) {
→ 81     await prisma.resource.upsert(
Inconsistent column data: Error creating UUID, invalid group count: expected 5, found 4
    at ei.handleRequestError (C:\dev\hamame1\node_modules\@prisma\client\src\runtime\RequestHandler.ts:228:13)
    at ei.handleAndLogRequestError (C:\dev\hamame1\node_modules\@prisma\client\src\runtime\RequestHandler.ts:174:12)
    at ei.request (C:\dev\hamame1\node_modules\@prisma\client\src\runtime\RequestHandler.ts:143:12)
    at async a (C:\dev\hamame1\node_modules\@prisma\client\src\runtime\getPrismaClient.ts:833:24)
    at async upsertAll (C:\dev\hamame1\src\scripts\verify-resources-raw.ts:81:5)
    at async main (C:\dev\hamame1\src\scripts\verify-resources-raw.ts:133:3)