--- subscription ---
GET http://localhost:3000/api/notifications/unread-count -> 200
GET http://localhost:3000/api/faculties -> 200
PUT http://localhost:3000/api/users/me/preferences -> 200
GET http://localhost:3000/api/admin/activation-codes?limit=20 -> 200
GET http://localhost:3000/api/faculties/b37b039e-2208-4837-b5d5-28b1c338a2cf/years -> 200
POST http://localhost:3000/api/admin/activation-codes -> 201
GET http://localhost:3000/api/auth/providers -> 200
POST http://localhost:3000/api/auth/login -> 200
GET http://localhost:3000/api/users/me -> 200
PUT http://localhost:3000/api/users/me/preferences -> 200
GET http://localhost:3000/api/notifications/unread-count -> 200
GET http://localhost:3000/api/friends -> 200
GET http://localhost:3000/api/subscriptions/me -> 200
GET http://localhost:3000/api/notifications/unread-count -> 200
GET http://localhost:3000/api/subscriptions/me -> 200
GET http://localhost:3000/api/plans -> 200
PUT http://localhost:3000/api/users/me/preferences -> 200
POST http://localhost:3000/api/subscriptions -> 201
GET http://localhost:3000/api/subscriptions/me -> 200
POST http://localhost:3000/api/activation-codes/redeem -> 200
GET http://localhost:3000/api/subscriptions/me -> 200
