--- mod-actions ---
GET http://localhost:3000/api/auth/providers -> 200
POST http://localhost:3000/api/auth/login -> 200
GET http://localhost:3000/api/users/me -> 200
PUT http://localhost:3000/api/users/me/preferences -> 200
GET http://localhost:3000/api/friends -> 200
GET http://localhost:3000/api/reviews/due -> 200
GET http://localhost:3000/api/notifications/unread-count -> 200
GET http://localhost:3000/api/subscriptions/me -> 200
GET http://localhost:3000/api/progress/readiness -> 200
GET http://localhost:3000/api/progress/me -> 200
GET http://localhost:3000/api/ai/credits -> 200
GET http://localhost:3000/api/faculties -> 200
GET http://localhost:3000/api/notifications/unread-count -> 200
GET http://localhost:3000/api/notifications/unread-count -> 200
PUT http://localhost:3000/api/users/me/preferences -> 200
GET http://localhost:3000/api/moderation/queue?limit=20 -> 200
POST http://localhost:3000/api/moderation/reports/3954e048-f0ae-473a-9bb1-490ef291146b/resolve -> 200
GET http://localhost:3000/api/moderation/queue?limit=20 -> 200
POST http://localhost:3000/api/moderation/users/6d0d3eaa-4e06-4f0f-bcd4-4cc8e44d703b/restrict -> 200
--- blocked ---
GET http://localhost:3000/api/auth/providers -> 200
POST http://localhost:3000/api/auth/login -> 200
GET http://localhost:3000/api/users/me -> 200
PUT http://localhost:3000/api/users/me/preferences -> 200
GET http://localhost:3000/api/friends -> 200
GET http://localhost:3000/api/reviews/due -> 200
GET http://localhost:3000/api/notifications/unread-count -> 200
GET http://localhost:3000/api/subscriptions/me -> 200
GET http://localhost:3000/api/progress/readiness -> 200
GET http://localhost:3000/api/progress/me -> 200
GET http://localhost:3000/api/ai/credits -> 200
GET http://localhost:3000/api/faculties -> 200
GET http://localhost:3000/api/notifications/unread-count -> 200
GET http://localhost:3000/api/notifications/unread-count -> 200
PUT http://localhost:3000/api/users/me/preferences -> 200
GET http://localhost:3000/api/moderation/queue?limit=20 -> 200
POST http://localhost:3000/api/moderation/reports/3954e048-f0ae-473a-9bb1-490ef291146b/resolve -> 200
GET http://localhost:3000/api/moderation/queue?limit=20 -> 200
POST http://localhost:3000/api/moderation/users/6d0d3eaa-4e06-4f0f-bcd4-4cc8e44d703b/restrict -> 200
GET http://localhost:3000/api/notifications/unread-count -> 403
GET http://localhost:3000/api/friends -> 403
GET http://localhost:3000/api/subscriptions/me -> 403
GET http://localhost:3000/api/ai/credits -> 403
PUT http://localhost:3000/api/users/me/preferences -> 403
GET http://localhost:3000/api/progress/readiness -> 403
GET http://localhost:3000/api/progress/me -> 403
GET http://localhost:3000/api/reviews/due -> 403
GET http://localhost:3000/api/auth/providers -> 200
--- fresh-login ---
GET http://localhost:3000/api/auth/providers -> 200
POST http://localhost:3000/api/auth/login -> 200
GET http://localhost:3000/api/users/me -> 200
PUT http://localhost:3000/api/users/me/preferences -> 200
GET http://localhost:3000/api/friends -> 200
GET http://localhost:3000/api/reviews/due -> 200
GET http://localhost:3000/api/notifications/unread-count -> 200
GET http://localhost:3000/api/subscriptions/me -> 200
GET http://localhost:3000/api/progress/readiness -> 200
GET http://localhost:3000/api/progress/me -> 200
GET http://localhost:3000/api/ai/credits -> 200
GET http://localhost:3000/api/faculties -> 200
GET http://localhost:3000/api/notifications/unread-count -> 200
GET http://localhost:3000/api/notifications/unread-count -> 200
PUT http://localhost:3000/api/users/me/preferences -> 200
GET http://localhost:3000/api/moderation/queue?limit=20 -> 200
POST http://localhost:3000/api/moderation/reports/3954e048-f0ae-473a-9bb1-490ef291146b/resolve -> 200
GET http://localhost:3000/api/moderation/queue?limit=20 -> 200
POST http://localhost:3000/api/moderation/users/6d0d3eaa-4e06-4f0f-bcd4-4cc8e44d703b/restrict -> 200
GET http://localhost:3000/api/notifications/unread-count -> 403
GET http://localhost:3000/api/friends -> 403
GET http://localhost:3000/api/subscriptions/me -> 403
GET http://localhost:3000/api/ai/credits -> 403
PUT http://localhost:3000/api/users/me/preferences -> 403
GET http://localhost:3000/api/progress/readiness -> 403
GET http://localhost:3000/api/progress/me -> 403
GET http://localhost:3000/api/reviews/due -> 403
GET http://localhost:3000/api/auth/providers -> 200
GET http://localhost:3000/api/auth/providers -> 200
POST http://localhost:3000/api/auth/login -> 403
